------------------------------------------------------------
Timing Analyzer Summary
------------------------------------------------------------

Type  : Slow 1200mV 85C Model Setup 'PLL12M_inst|altpll_component|auto_generated|pll1|clk[0]'
Slack : 9.008
TNS   : 0.000

Type  : Slow 1200mV 85C Model Hold 'PLL12M_inst|altpll_component|auto_generated|pll1|clk[0]'
Slack : 0.454
TNS   : 0.000

Type  : Slow 1200mV 85C Model Recovery 'PLL12M_inst|altpll_component|auto_generated|pll1|clk[0]'
Slack : 14.663
TNS   : 0.000

Type  : Slow 1200mV 85C Model Removal 'PLL12M_inst|altpll_component|auto_generated|pll1|clk[0]'
Slack : 2.759
TNS   : 0.000

Type  : Slow 1200mV 85C Model Minimum Pulse Width 'PLL12M_inst|altpll_component|auto_generated|pll1|clk[0]'
Slack : 9.642
TNS   : 0.000

Type  : Slow 1200mV 85C Model Minimum Pulse Width 'CLK12M'
Slack : 41.518
TNS   : 0.000

Type  : Slow 1200mV 0C Model Setup 'PLL12M_inst|altpll_component|auto_generated|pll1|clk[0]'
Slack : 9.780
TNS   : 0.000

Type  : Slow 1200mV 0C Model Hold 'PLL12M_inst|altpll_component|auto_generated|pll1|clk[0]'
Slack : 0.402
TNS   : 0.000

Type  : Slow 1200mV 0C Model Recovery 'PLL12M_inst|altpll_component|auto_generated|pll1|clk[0]'
Slack : 15.046
TNS   : 0.000

Type  : Slow 1200mV 0C Model Removal 'PLL12M_inst|altpll_component|auto_generated|pll1|clk[0]'
Slack : 2.494
TNS   : 0.000

Type  : Slow 1200mV 0C Model Minimum Pulse Width 'PLL12M_inst|altpll_component|auto_generated|pll1|clk[0]'
Slack : 9.650
TNS   : 0.000

Type  : Slow 1200mV 0C Model Minimum Pulse Width 'CLK12M'
Slack : 41.516
TNS   : 0.000

Type  : Fast 1200mV 0C Model Setup 'PLL12M_inst|altpll_component|auto_generated|pll1|clk[0]'
Slack : 15.218
TNS   : 0.000

Type  : Fast 1200mV 0C Model Hold 'PLL12M_inst|altpll_component|auto_generated|pll1|clk[0]'
Slack : 0.186
TNS   : 0.000

Type  : Fast 1200mV 0C Model Recovery 'PLL12M_inst|altpll_component|auto_generated|pll1|clk[0]'
Slack : 17.521
TNS   : 0.000

Type  : Fast 1200mV 0C Model Removal 'PLL12M_inst|altpll_component|auto_generated|pll1|clk[0]'
Slack : 1.209
TNS   : 0.000

Type  : Fast 1200mV 0C Model Minimum Pulse Width 'PLL12M_inst|altpll_component|auto_generated|pll1|clk[0]'
Slack : 9.725
TNS   : 0.000

Type  : Fast 1200mV 0C Model Minimum Pulse Width 'CLK12M'
Slack : 41.081
TNS   : 0.000

------------------------------------------------------------
